[i9digitalmarketing.com/index.html]
[backblue.gif]
[fade.gif]
[index.html]
[i9digitalmarketing.com/e,baseURI]
[i9digitalmarketing.com/GET]
[i9digitalmarketing.com/Edge/index.html]
[i9digitalmarketing.com/wp-json/wp/v2/pages/13.json]
[i9digitalmarketing.com/feed/index.html]
[i9digitalmarketing.com/xmlrpc0db0.php]
[i9digitalmarketing.com/comments/feed/index.html]
[i9digitalmarketing.com/wp-json/oembed/1.0/embed2fa9.json]
[i9digitalmarketing.com/wp-json/index.html]
[i9digitalmarketing.com/wp-json/oembed/1.0/embed657e]
[cdn-jcbll.nitrocdn.com/PJfOVKhLKkzrQCJDjheoTQlmfsGpFoQa/assets/images/optimized/rev-e45132b/i9digitalmarketing.com/wp-content/plugins/chaty/images/whatsapp.png]
[cdn-jcbll.nitrocdn.com/PJfOVKhLKkzrQCJDjheoTQlmfsGpFoQa/assets/images/optimized/rev-e45132b/i9digitalmarketing.com/wp-content/plugins/chaty/images/whatsapp-welcome-popup.png]
[cdn-jcbll.nitrocdn.com/PJfOVKhLKkzrQCJDjheoTQlmfsGpFoQa/assets/images/optimized/rev-e45132b/i9digitalmarketing.com/wp-content/plugins/chaty/images/header-top.png]
[cdn-jcbll.nitrocdn.com/PJfOVKhLKkzrQCJDjheoTQlmfsGpFoQa/assets/images/optimized/rev-e45132b/i9digitalmarketing.com/wp-content/plugins/chaty/images/header-bottom.png]
[i9digitalmarketing.com/terms-conditions/index.html]
[cdn-jcbll.nitrocdn.com/PJfOVKhLKkzrQCJDjheoTQlmfsGpFoQa/assets/static/optimized/rev-08e862a/i9digitalmarketing.com/externalFontFace/nitro-min-noimport-6b14b5b29f8eec5677fbb8eb91dae3ef-stylesheet.css]
[i9digitalmarketing.com/Whyus]
[i9digitalmarketing.com/agency/index.html]
[i9digitalmarketing.com/work/index.html]
[i9digitalmarketing.com/POST]
[i9digitalmarketing.com/testimonials/index.html]
[cdn-jcbll.nitrocdn.com/PJfOVKhLKkzrQCJDjheoTQlmfsGpFoQa/assets/static/optimized/rev-08e862a/i9digitalmarketing.com/combinedJs/render-blocking-nitro-min-e1c39fcb99e60a022f9412469a000c3d-nitro.js]
[cdn-jcbll.nitrocdn.com/PJfOVKhLKkzrQCJDjheoTQlmfsGpFoQa/assets/static/optimized/rev-08e862a/i9digitalmarketing.com/combinedJs/render-blocking-nitro-min-4be5635ebef9e2c8b6506c23aa91345b-nitro.js]
[cdn-jcbll.nitrocdn.com/PJfOVKhLKkzrQCJDjheoTQlmfsGpFoQa/assets/static/optimized/rev-08e862a/i9digitalmarketing.com/combinedJs/render-blocking-nitro-min-a02b8f772ec8867df532034dc36755e3-nitro.js]
[i9digitalmarketing.com/contact/index.html]
[cdn-jcbll.nitrocdn.com/PJfOVKhLKkzrQCJDjheoTQlmfsGpFoQa/assets/static/optimized/rev-08e862a/i9digitalmarketing.com/combinedJs/render-blocking-nitro-min-357b319054dd58aedac294ca47f109ba-nitro.js]
[cdn-jcbll.nitrocdn.com/PJfOVKhLKkzrQCJDjheoTQlmfsGpFoQa/assets/static/optimized/rev-08e862a/i9digitalmarketing.com/combinedJs/render-blocking-nitro-min-292b3f0c435a8b895541dc02c17d2fc0-nitro.js]
[cdn-jcbll.nitrocdn.com/PJfOVKhLKkzrQCJDjheoTQlmfsGpFoQa/assets/static/optimized/rev-08e862a/i9digitalmarketing.com/combinedJs/render-blocking-nitro-min-96e16bfdcaaeb021c0eb7fec02c84b9d-nitro.js]
[cdn-jcbll.nitrocdn.com/PJfOVKhLKkzrQCJDjheoTQlmfsGpFoQa/assets/static/optimized/rev-08e862a/i9digitalmarketing.com/combinedJs/render-blocking-nitro-min-ee860a9976344dd01744027a4c33584a-nitro.js]
[cdn-jcbll.nitrocdn.com/PJfOVKhLKkzrQCJDjheoTQlmfsGpFoQa/assets/static/optimized/rev-08e862a/i9digitalmarketing.com/combinedJs/render-blocking-nitro-min-e7bd6432da4988e673575c349bd0e31f-nitro.js]
[cdn-jcbll.nitrocdn.com/PJfOVKhLKkzrQCJDjheoTQlmfsGpFoQa/assets/static/optimized/rev-08e862a/i9digitalmarketing.com/combinedJs/render-blocking-nitro-min-e1a6a6dd80a18cadddb2b89fb3e4bb39-nitro.js]
[cdn-jcbll.nitrocdn.com/PJfOVKhLKkzrQCJDjheoTQlmfsGpFoQa/assets/static/optimized/rev-08e862a/i9digitalmarketing.com/combinedJs/render-blocking-nitro-min-1722f4e9f73d729e77b7ab9ed2d78fcc-nitro.js]
[cdn-jcbll.nitrocdn.com/PJfOVKhLKkzrQCJDjheoTQlmfsGpFoQa/assets/static/optimized/rev-08e862a/i9digitalmarketing.com/combinedJs/render-blocking-nitro-min-5e4df269f07e83370b0324478cfd2718-nitro.js]
[cdn-jcbll.nitrocdn.com/PJfOVKhLKkzrQCJDjheoTQlmfsGpFoQa/assets/static/optimized/rev-08e862a/i9digitalmarketing.com/combinedJs/render-blocking-nitro-min-4af05551525f2f25cf4e431fff156f2d-nitro.js]
[i9digitalmarketing.com/index.html]
[i9digitalmarketing.com/e,baseURI.html]
[i9digitalmarketing.com/GET.html]
[i9digitalmarketing.com/Edge/index.html]
[www.googletagmanager.com/gtm5445.html]
[cdn-jcbll.nitrocdn.com/PJfOVKhLKkzrQCJDjheoTQlmfsGpFoQa/assets/static/optimized/rev-08e862a/i9digitalmarketing.com/combinedJs/render-blocking-nitro-min-dd883bcae4cf0ca9f06f1de9c053e37c-nitro.js]
[i9digitalmarketing.com/terms-conditions/e,baseURI]
[i9digitalmarketing.com/terms-conditions/GET]
[i9digitalmarketing.com/wp-json/wp/v2/pages/1614.json]
[i9digitalmarketing.com/terms-conditions/Edge/index.html]
[i9digitalmarketing.com/wp-json/oembed/1.0/embeda9df.json]
[i9digitalmarketing.com/wp-json/oembed/1.0/embedf1a3]
[cdn-jcbll.nitrocdn.com/PJfOVKhLKkzrQCJDjheoTQlmfsGpFoQa/assets/static/optimized/rev-08e862a/i9digitalmarketing.com/externalFontFace/nitro-min-noimport-6d03d932305469ea85e2501e4252236a-stylesheet.css]
[i9digitalmarketing.com/terms-conditions/POST]
[cdn-jcbll.nitrocdn.com/PJfOVKhLKkzrQCJDjheoTQlmfsGpFoQa/assets/static/optimized/rev-08e862a/i9digitalmarketing.com/combinedJs/render-blocking-nitro-min-3d0d11b5db039304d997c4b349ce973e-nitro.js]
[i9digitalmarketing.com/terms-conditions/index.html]
[cdn-jcbll.nitrocdn.com/PJfOVKhLKkzrQCJDjheoTQlmfsGpFoQa/assets/static/optimized/rev-08e862a/i9digitalmarketing.com/externalFontFace/nitro-min-noimport-6b14b5b29f8eec5677fbb8eb91dae3ef-stylesheet.css]
[cdn-jcbll.nitrocdn.com/PJfOVKhLKkzrQCJDjheoTQlmfsGpFoQa/assets/static/optimized/rev-08e862a/i9digitalmarketing.com/combinedJs/render-blocking-nitro-min-8adbd3cb8581d46ef55f45fdf6bed87b-nitro.js]
[i9digitalmarketing.com/agency/e,baseURI]
[i9digitalmarketing.com/agency/GET]
[i9digitalmarketing.com/wp-json/wp/v2/pages/14.json]
[i9digitalmarketing.com/wp-json/oembed/1.0/embedf04e.json]
[i9digitalmarketing.com/agency/Edge/index.html]
[i9digitalmarketing.com/wp-json/oembed/1.0/embed6fb8]
[i9digitalmarketing.com/agency/POST]
[i9digitalmarketing.com/agency/index.html]
[i9digitalmarketing.com/work/e,baseURI]
[i9digitalmarketing.com/work/GET]
[i9digitalmarketing.com/wp-json/wp/v2/pages/15.json]
[i9digitalmarketing.com/wp-json/oembed/1.0/embedd681.json]
[i9digitalmarketing.com/work/Edge/index.html]
[i9digitalmarketing.com/wp-json/oembed/1.0/embed4828]
[cdn-jcbll.nitrocdn.com/PJfOVKhLKkzrQCJDjheoTQlmfsGpFoQa/assets/static/optimized/rev-08e862a/i9digitalmarketing.com/externalFontFace/nitro-min-noimport-1887c2646359297a92a17fb75aed139b-stylesheet.css]
[i9digitalmarketing.com/work/POST]
[i9digitalmarketing.com/work/index.html]
[i9digitalmarketing.com/testimonials/e,baseURI]
[i9digitalmarketing.com/testimonials/GET]
[i9digitalmarketing.com/wp-json/wp/v2/pages/16.json]
[i9digitalmarketing.com/wp-json/oembed/1.0/embed3cad.json]
[i9digitalmarketing.com/testimonials/Edge/index.html]
[i9digitalmarketing.com/wp-json/oembed/1.0/embed09bf]
[i9digitalmarketing.com/testimonials/POST]
[i9digitalmarketing.com/testimonials/index.html]
[i9digitalmarketing.com/contact/e,baseURI]
[i9digitalmarketing.com/contact/GET]
[i9digitalmarketing.com/wp-json/wp/v2/pages/17.json]
[i9digitalmarketing.com/wp-json/oembed/1.0/embeda50f.json]
[i9digitalmarketing.com/wp-json/oembed/1.0/embed44ea]
[i9digitalmarketing.com/contact/Edge/index.html]
[i9digitalmarketing.com/contact/POST]
[i9digitalmarketing.com/contact/index.html]
[i9digitalmarketing.com/Whyus.html]
[i9digitalmarketing.com/POST.html]
[i9digitalmarketing.com/terms-conditions/e,baseURI.html]
[i9digitalmarketing.com/terms-conditions/GET.html]
[i9digitalmarketing.com/terms-conditions/Edge/index.html]
[i9digitalmarketing.com/index7c58.html]
[cdn-jcbll.nitrocdn.com/PJfOVKhLKkzrQCJDjheoTQlmfsGpFoQa/assets/static/optimized/rev-08e862a/i9digitalmarketing.com/externalFontFace/nitro-min-noimport-6d03d932305469ea85e2501e4252236a-stylesheet.css]
[i9digitalmarketing.com/terms-conditions/POST.html]
[i9digitalmarketing.com/agency/e,baseURI.html]
[i9digitalmarketing.com/agency/GET.html]
[i9digitalmarketing.com/agency/Edge/index.html]
[i9digitalmarketing.com/index0b69.html]
[i9digitalmarketing.com/agency/POST.html]
[i9digitalmarketing.com/work/e,baseURI.html]
[i9digitalmarketing.com/work/GET.html]
[i9digitalmarketing.com/work/Edge/index.html]
[i9digitalmarketing.com/indexa1ca.html]
[cdn-jcbll.nitrocdn.com/PJfOVKhLKkzrQCJDjheoTQlmfsGpFoQa/assets/static/optimized/rev-08e862a/i9digitalmarketing.com/externalFontFace/nitro-min-noimport-1887c2646359297a92a17fb75aed139b-stylesheet.css]
[i9digitalmarketing.com/work/POST.html]
[i9digitalmarketing.com/testimonials/e,baseURI.html]
[i9digitalmarketing.com/testimonials/GET.html]
[i9digitalmarketing.com/testimonials/Edge/index.html]
[i9digitalmarketing.com/index0e62.html]
[i9digitalmarketing.com/testimonials/POST.html]
[i9digitalmarketing.com/contact/e,baseURI.html]
[i9digitalmarketing.com/contact/GET.html]
[i9digitalmarketing.com/contact/Edge/index.html]
[i9digitalmarketing.com/indexd8eb.html]
[i9digitalmarketing.com/contact/POST.html]
